// Jest Snapshot v1, https://goo.gl/fbAQLP

exports[`should test NavBar component 1`] = `
<div>
  <h1>
    Hello, user!
  </h1>
  <p>
    You have no favorite comics!
  </p>
</div>
`;
