// Jest Snapshot v1, https://goo.gl/fbAQLP

exports[`should test NavBar component 1`] = `
<div
  className="Login"
>
  <div
    className="Login-Container"
  >
    <Card
      className="Login-Card"
      tag="div"
    >
      <CardBody
        className="Login-Card-Body"
        tag="div"
      >
        <CardTitle
          className="Login-Card-Title"
          tag="div"
        >
          Login
        </CardTitle>
        <Form
          className="LoginForm"
          onSubmit={[Function]}
          tag="form"
        >
          <FormGroup
            row={true}
            tag="div"
          >
            <Label
              for="email"
              sm="auto"
              tag="label"
              widths={
                Array [
                  "xs",
                  "sm",
                  "md",
                  "lg",
                  "xl",
                ]
              }
            >
              Email
            </Label>
            <Col
              sm={12}
              tag="div"
              widths={
                Array [
                  "xs",
                  "sm",
                  "md",
                  "lg",
                  "xl",
                ]
              }
            >
              <Input
                id="email"
                name="email"
                onBlur={[Function]}
                onChange={[Function]}
                placeholder="email"
                type="text"
                value=""
              />
            </Col>
          </FormGroup>
          <FormGroup
            row={true}
            tag="div"
          >
            <Label
              for="password"
              sm="auto"
              tag="label"
              widths={
                Array [
                  "xs",
                  "sm",
                  "md",
                  "lg",
                  "xl",
                ]
              }
            >
              Password
            </Label>
            <Col
              sm={12}
              tag="div"
              widths={
                Array [
                  "xs",
                  "sm",
                  "md",
                  "lg",
                  "xl",
                ]
              }
            >
              <Input
                id="password"
                name="password"
                onBlur={[Function]}
                onChange={[Function]}
                placeholder="password"
                type="password"
                value=""
              />
            </Col>
          </FormGroup>
          <FormGroup
            row={true}
            tag="div"
          >
            <Col
              tag="div"
              widths={
                Array [
                  "xs",
                  "sm",
                  "md",
                  "lg",
                  "xl",
                ]
              }
            >
              <WithStyles(ForwardRef(Button))
                onClick={[Function]}
                type="submit"
                variant="contained"
              >
                Login
              </WithStyles(ForwardRef(Button))>
            </Col>
          </FormGroup>
          <WithStyles(ForwardRef(Table))>
            <WithStyles(ForwardRef(TableBody))>
              <WithStyles(ForwardRef(TableRow))>
                <WithStyles(ForwardRef(TableCell))
                  className="makeStyles-tableCellLeft-1"
                >
                  Don't have an account?
                </WithStyles(ForwardRef(TableCell))>
                <WithStyles(ForwardRef(TableCell))
                  className="makeStyles-tableCellRight-2"
                >
                  <WithStyles(ForwardRef(Button))
                    color="primary"
                    href="/signup"
                  >
                    Signup
                  </WithStyles(ForwardRef(Button))>
                </WithStyles(ForwardRef(TableCell))>
              </WithStyles(ForwardRef(TableRow))>
              <WithStyles(ForwardRef(TableRow))>
                <WithStyles(ForwardRef(TableCell))
                  className="makeStyles-tableCellLeft-1"
                >
                  Forgot Password?
                </WithStyles(ForwardRef(TableCell))>
                <WithStyles(ForwardRef(TableCell))
                  className="makeStyles-tableCellRight-2"
                >
                  <WithStyles(ForwardRef(Button))
                    color="primary"
                    href="/reset"
                  >
                    Reset
                  </WithStyles(ForwardRef(Button))>
                </WithStyles(ForwardRef(TableCell))>
              </WithStyles(ForwardRef(TableRow))>
            </WithStyles(ForwardRef(TableBody))>
          </WithStyles(ForwardRef(Table))>
        </Form>
      </CardBody>
    </Card>
  </div>
</div>
`;
